
> big-file-upload-client@1.0.0 build
> vue-tsc --noEmit && vite build

[36mvite v6.4.3 [32mbuilding for production...[36m[39m
transforming...
[33mnode_modules/@vueuse/core/dist/index.js (3362:0): A comment

"/* #__PURE__ */"

in "node_modules/@vueuse/core/dist/index.js" contains an annotation that Rollup cannot interpret due to the position of the comment. The comment will be removed to avoid issues.[39m
[33mnode_modules/@vueuse/core/dist/index.js (5780:22): A comment

"/* #__PURE__ */"

in "node_modules/@vueuse/core/dist/index.js" contains an annotation that Rollup cannot interpret due to the position of the comment. The comment will be removed to avoid issues.[39m
[32m✓[39m 1725 modules transformed.
rendering chunks...
computing gzip size...
[2mdist/[22m[32mindex.html                                    [39m[1m[2m    1.36 kB[22m[1m[22m[2m │ gzip:   0.75 kB[22m
[2mdist/[22m[32massets/hash.worker-CMWNGaQ6.js                [39m[1m[2m    8.85 kB[22m[1m[22m
[2mdist/[22m[35massets/index-BiitIEFW.css                     [39m[1m[2m    0.44 kB[22m[1m[22m[2m │ gzip:   0.26 kB[22m
[2mdist/[22m[35massets/index-6FulHpEL.css                     [39m[1m[2m    0.49 kB[22m[1m[22m[2m │ gzip:   0.26 kB[22m
[2mdist/[22m[35massets/index-C9EvAtv8.css                     [39m[1m[2m    0.69 kB[22m[1m[22m[2m │ gzip:   0.32 kB[22m
[2mdist/[22m[35massets/index-D9WZgAUZ.css                     [39m[1m[2m    1.46 kB[22m[1m[22m[2m │ gzip:   0.55 kB[22m
[2mdist/[22m[35massets/AppLayout-C2QbnVs_.css                 [39m[1m[2m    1.57 kB[22m[1m[22m[2m │ gzip:   0.58 kB[22m
[2mdist/[22m[35massets/DraggableDialog-DouCNRgf.css           [39m[1m[2m    1.69 kB[22m[1m[22m[2m │ gzip:   0.65 kB[22m
[2mdist/[22m[35massets/index-CfTzI5cb.css                     [39m[1m[2m    6.31 kB[22m[1m[22m[2m │ gzip:   1.55 kB[22m
[2mdist/[22m[35massets/index-UMp_TF4F.css                     [39m[1m[2m  357.66 kB[22m[1m[22m[2m │ gzip:  47.92 kB[22m
[2mdist/[22m[36massets/_plugin-vue_export-helper-DlAUqK2U.js  [39m[1m[2m    0.09 kB[22m[1m[22m[2m │ gzip:   0.10 kB[22m
[2mdist/[22m[36massets/menuConfig-BCxBA1VY.js                 [39m[1m[2m    0.38 kB[22m[1m[22m[2m │ gzip:   0.29 kB[22m
[2mdist/[22m[36massets/index-5cqqfQJR.js                      [39m[1m[2m    1.23 kB[22m[1m[22m[2m │ gzip:   0.83 kB[22m
[2mdist/[22m[36massets/index-JTa9nDtP.js                      [39m[1m[2m    2.08 kB[22m[1m[22m[2m │ gzip:   1.14 kB[22m
[2mdist/[22m[36massets/AppLayout-Bbo6nkr3.js                  [39m[1m[2m    3.92 kB[22m[1m[22m[2m │ gzip:   1.80 kB[22m
[2mdist/[22m[36massets/DraggableDialog-B39C1F_H.js            [39m[1m[2m    5.08 kB[22m[1m[22m[2m │ gzip:   2.03 kB[22m
[2mdist/[22m[36massets/index-Cv05aqSL.js                      [39m[1m[2m    6.84 kB[22m[1m[22m[2m │ gzip:   2.77 kB[22m
[2mdist/[22m[36massets/index-Cai8t_Lv.js                      [39m[1m[2m   12.05 kB[22m[1m[22m[2m │ gzip:   4.58 kB[22m
[2mdist/[22m[36massets/index-BCMY8o2K.js                      [39m[1m[2m   19.26 kB[22m[1m[22m[2m │ gzip:   7.16 kB[22m
[2mdist/[22m[36massets/index-CscGxEvN.js                      [39m[1m[33m1,249.83 kB[39m[22m[2m │ gzip: 405.28 kB[22m
[33m
(!) Some chunks are larger than 500 kB after minification. Consider:
- Using dynamic import() to code-split the application
- Use build.rollupOptions.output.manualChunks to improve chunking: https://rollupjs.org/configuration-options/#output-manualchunks
- Adjust chunk size limit for this warning via build.chunkSizeWarningLimit.[39m
[32m✓ built in 13.49s[39m
